Analysis & Synthesis report for MainActivity
Mon Aug 27 14:48:01 2018
Quartus II 64-Bit Version 13.1.0 Build 162 10/23/2013 SJ Web Edition


---------------------
; Table of Contents ;
---------------------
  1. Legal Notice
  2. Analysis & Synthesis Summary
  3. Analysis & Synthesis Settings
  4. Parallel Compilation
  5. Analysis & Synthesis Source Files Read
  6. Analysis & Synthesis Resource Usage Summary
  7. Analysis & Synthesis Resource Utilization by Entity
  8. Analysis & Synthesis RAM Summary
  9. Analysis & Synthesis IP Cores Summary
 10. Registers Removed During Synthesis
 11. General Register Statistics
 12. Inverted Register Statistics
 13. Multiplexer Restructuring Statistics (Restructuring Performed)
 14. Source assignments for ram:r1|altsyncram:altsyncram_component|altsyncram_tdo1:auto_generated
 15. Parameter Settings for User Entity Instance: Top-level Entity: |MainActivity
 16. Parameter Settings for User Entity Instance: VGAInterface:VGA
 17. Parameter Settings for User Entity Instance: VGAInterface:VGA|Counter:TimeCounterHorizontal
 18. Parameter Settings for User Entity Instance: VGAInterface:VGA|Counter:TimeCounterVertical
 19. Parameter Settings for User Entity Instance: VGAInterface:VGA|PixCounter:HorzPix
 20. Parameter Settings for User Entity Instance: VGAInterface:VGA|PixCounter:VertPix
 21. Parameter Settings for User Entity Instance: ram:r1|altsyncram:altsyncram_component
 22. altsyncram Parameter Settings by Entity Instance
 23. Port Connectivity Checks: "ram:r1"
 24. Port Connectivity Checks: "VGAInterface:VGA"
 25. Elapsed Time Per Partition
 26. Analysis & Synthesis Messages
 27. Analysis & Synthesis Suppressed Messages



----------------
; Legal Notice ;
----------------
Copyright (C) 1991-2013 Altera Corporation
Your use of Altera Corporation's design tools, logic functions 
and other software and tools, and its AMPP partner logic 
functions, and any output files from any of the foregoing 
(including device programming or simulation files), and any 
associated documentation or information are expressly subject 
to the terms and conditions of the Altera Program License 
Subscription Agreement, Altera MegaCore Function License 
Agreement, or other applicable license agreement, including, 
without limitation, that your use is for the sole purpose of 
programming logic devices manufactured by Altera and sold by 
Altera or its authorized distributors.  Please refer to the 
applicable agreement for further details.



+---------------------------------------------------------------------------------+
; Analysis & Synthesis Summary                                                    ;
+------------------------------------+--------------------------------------------+
; Analysis & Synthesis Status        ; Successful - Mon Aug 27 14:48:01 2018      ;
; Quartus II 64-Bit Version          ; 13.1.0 Build 162 10/23/2013 SJ Web Edition ;
; Revision Name                      ; MainActivity                               ;
; Top-level Entity Name              ; MainActivity                               ;
; Family                             ; Cyclone III                                ;
; Total logic elements               ; 246                                        ;
;     Total combinational functions  ; 208                                        ;
;     Dedicated logic registers      ; 152                                        ;
; Total registers                    ; 152                                        ;
; Total pins                         ; 19                                         ;
; Total virtual pins                 ; 0                                          ;
; Total memory bits                  ; 196,608                                    ;
; Embedded Multiplier 9-bit elements ; 0                                          ;
; Total PLLs                         ; 0                                          ;
+------------------------------------+--------------------------------------------+


+----------------------------------------------------------------------------------------------------------------------+
; Analysis & Synthesis Settings                                                                                        ;
+----------------------------------------------------------------------------+--------------------+--------------------+
; Option                                                                     ; Setting            ; Default Value      ;
+----------------------------------------------------------------------------+--------------------+--------------------+
; Device                                                                     ; EP3C16F484C6       ;                    ;
; Top-level entity name                                                      ; MainActivity       ; MainActivity       ;
; Family name                                                                ; Cyclone III        ; Cyclone IV GX      ;
; Use smart compilation                                                      ; Off                ; Off                ;
; Enable parallel Assembler and TimeQuest Timing Analyzer during compilation ; On                 ; On                 ;
; Enable compact report table                                                ; Off                ; Off                ;
; Restructure Multiplexers                                                   ; Auto               ; Auto               ;
; Create Debugging Nodes for IP Cores                                        ; Off                ; Off                ;
; Preserve fewer node names                                                  ; On                 ; On                 ;
; Disable OpenCore Plus hardware evaluation                                  ; Off                ; Off                ;
; Verilog Version                                                            ; Verilog_2001       ; Verilog_2001       ;
; VHDL Version                                                               ; VHDL_1993          ; VHDL_1993          ;
; State Machine Processing                                                   ; Auto               ; Auto               ;
; Safe State Machine                                                         ; Off                ; Off                ;
; Extract Verilog State Machines                                             ; On                 ; On                 ;
; Extract VHDL State Machines                                                ; On                 ; On                 ;
; Ignore Verilog initial constructs                                          ; Off                ; Off                ;
; Iteration limit for constant Verilog loops                                 ; 5000               ; 5000               ;
; Iteration limit for non-constant Verilog loops                             ; 250                ; 250                ;
; Add Pass-Through Logic to Inferred RAMs                                    ; On                 ; On                 ;
; Infer RAMs from Raw Logic                                                  ; On                 ; On                 ;
; Parallel Synthesis                                                         ; On                 ; On                 ;
; DSP Block Balancing                                                        ; Auto               ; Auto               ;
; NOT Gate Push-Back                                                         ; On                 ; On                 ;
; Power-Up Don't Care                                                        ; On                 ; On                 ;
; Remove Redundant Logic Cells                                               ; Off                ; Off                ;
; Remove Duplicate Registers                                                 ; On                 ; On                 ;
; Ignore CARRY Buffers                                                       ; Off                ; Off                ;
; Ignore CASCADE Buffers                                                     ; Off                ; Off                ;
; Ignore GLOBAL Buffers                                                      ; Off                ; Off                ;
; Ignore ROW GLOBAL Buffers                                                  ; Off                ; Off                ;
; Ignore LCELL Buffers                                                       ; Off                ; Off                ;
; Ignore SOFT Buffers                                                        ; On                 ; On                 ;
; Limit AHDL Integers to 32 Bits                                             ; Off                ; Off                ;
; Optimization Technique                                                     ; Balanced           ; Balanced           ;
; Carry Chain Length                                                         ; 70                 ; 70                 ;
; Auto Carry Chains                                                          ; On                 ; On                 ;
; Auto Open-Drain Pins                                                       ; On                 ; On                 ;
; Perform WYSIWYG Primitive Resynthesis                                      ; Off                ; Off                ;
; Auto ROM Replacement                                                       ; On                 ; On                 ;
; Auto RAM Replacement                                                       ; On                 ; On                 ;
; Auto DSP Block Replacement                                                 ; On                 ; On                 ;
; Auto Shift Register Replacement                                            ; Auto               ; Auto               ;
; Allow Shift Register Merging across Hierarchies                            ; Auto               ; Auto               ;
; Auto Clock Enable Replacement                                              ; On                 ; On                 ;
; Strict RAM Replacement                                                     ; Off                ; Off                ;
; Allow Synchronous Control Signals                                          ; On                 ; On                 ;
; Force Use of Synchronous Clear Signals                                     ; Off                ; Off                ;
; Auto RAM Block Balancing                                                   ; On                 ; On                 ;
; Auto RAM to Logic Cell Conversion                                          ; Off                ; Off                ;
; Auto Resource Sharing                                                      ; Off                ; Off                ;
; Allow Any RAM Size For Recognition                                         ; Off                ; Off                ;
; Allow Any ROM Size For Recognition                                         ; Off                ; Off                ;
; Allow Any Shift Register Size For Recognition                              ; Off                ; Off                ;
; Use LogicLock Constraints during Resource Balancing                        ; On                 ; On                 ;
; Ignore translate_off and synthesis_off directives                          ; Off                ; Off                ;
; Timing-Driven Synthesis                                                    ; On                 ; On                 ;
; Report Parameter Settings                                                  ; On                 ; On                 ;
; Report Source Assignments                                                  ; On                 ; On                 ;
; Report Connectivity Checks                                                 ; On                 ; On                 ;
; Ignore Maximum Fan-Out Assignments                                         ; Off                ; Off                ;
; Synchronization Register Chain Length                                      ; 2                  ; 2                  ;
; PowerPlay Power Optimization                                               ; Normal compilation ; Normal compilation ;
; HDL message level                                                          ; Level2             ; Level2             ;
; Suppress Register Optimization Related Messages                            ; Off                ; Off                ;
; Number of Removed Registers Reported in Synthesis Report                   ; 5000               ; 5000               ;
; Number of Swept Nodes Reported in Synthesis Report                         ; 5000               ; 5000               ;
; Number of Inverted Registers Reported in Synthesis Report                  ; 100                ; 100                ;
; Clock MUX Protection                                                       ; On                 ; On                 ;
; Auto Gated Clock Conversion                                                ; Off                ; Off                ;
; Block Design Naming                                                        ; Auto               ; Auto               ;
; SDC constraint protection                                                  ; Off                ; Off                ;
; Synthesis Effort                                                           ; Auto               ; Auto               ;
; Shift Register Replacement - Allow Asynchronous Clear Signal               ; On                 ; On                 ;
; Pre-Mapping Resynthesis Optimization                                       ; Off                ; Off                ;
; Analysis & Synthesis Message Level                                         ; Medium             ; Medium             ;
; Disable Register Merging Across Hierarchies                                ; Auto               ; Auto               ;
; Resource Aware Inference For Block RAM                                     ; On                 ; On                 ;
; Synthesis Seed                                                             ; 1                  ; 1                  ;
+----------------------------------------------------------------------------+--------------------+--------------------+


Parallel compilation was disabled, but you have multiple processors available. Enable parallel compilation to reduce compilation time.
+-------------------------------------+
; Parallel Compilation                ;
+----------------------------+--------+
; Processors                 ; Number ;
+----------------------------+--------+
; Number detected on machine ; 4      ;
; Maximum allowed            ; 1      ;
+----------------------------+--------+


+--------------------------------------------------------------------------------------------------------------------------------------------------------------------+
; Analysis & Synthesis Source Files Read                                                                                                                             ;
+----------------------------------+-----------------+------------------------------+----------------------------------------------------------------------+---------+
; File Name with User-Entered Path ; Used in Netlist ; File Type                    ; File Name with Absolute Path                                         ; Library ;
+----------------------------------+-----------------+------------------------------+----------------------------------------------------------------------+---------+
; VGAInterface.v                   ; yes             ; User Verilog HDL File        ; C:/altera/13.1/projects/spi_vga/VGAInterface.v                       ;         ;
; PixCounter.v                     ; yes             ; User Verilog HDL File        ; C:/altera/13.1/projects/spi_vga/PixCounter.v                         ;         ;
; MainActivity.v                   ; yes             ; User Verilog HDL File        ; C:/altera/13.1/projects/spi_vga/MainActivity.v                       ;         ;
; Counter.v                        ; yes             ; User Verilog HDL File        ; C:/altera/13.1/projects/spi_vga/Counter.v                            ;         ;
; ram.v                            ; yes             ; User Wizard-Generated File   ; C:/altera/13.1/projects/spi_vga/ram.v                                ;         ;
; altsyncram.tdf                   ; yes             ; Megafunction                 ; c:/altera/13.1/quartus/libraries/megafunctions/altsyncram.tdf        ;         ;
; stratix_ram_block.inc            ; yes             ; Megafunction                 ; c:/altera/13.1/quartus/libraries/megafunctions/stratix_ram_block.inc ;         ;
; lpm_mux.inc                      ; yes             ; Megafunction                 ; c:/altera/13.1/quartus/libraries/megafunctions/lpm_mux.inc           ;         ;
; lpm_decode.inc                   ; yes             ; Megafunction                 ; c:/altera/13.1/quartus/libraries/megafunctions/lpm_decode.inc        ;         ;
; aglobal131.inc                   ; yes             ; Megafunction                 ; c:/altera/13.1/quartus/libraries/megafunctions/aglobal131.inc        ;         ;
; a_rdenreg.inc                    ; yes             ; Megafunction                 ; c:/altera/13.1/quartus/libraries/megafunctions/a_rdenreg.inc         ;         ;
; altrom.inc                       ; yes             ; Megafunction                 ; c:/altera/13.1/quartus/libraries/megafunctions/altrom.inc            ;         ;
; altram.inc                       ; yes             ; Megafunction                 ; c:/altera/13.1/quartus/libraries/megafunctions/altram.inc            ;         ;
; altdpram.inc                     ; yes             ; Megafunction                 ; c:/altera/13.1/quartus/libraries/megafunctions/altdpram.inc          ;         ;
; db/altsyncram_tdo1.tdf           ; yes             ; Auto-Generated Megafunction  ; C:/altera/13.1/projects/spi_vga/db/altsyncram_tdo1.tdf               ;         ;
; db/decode_ara.tdf                ; yes             ; Auto-Generated Megafunction  ; C:/altera/13.1/projects/spi_vga/db/decode_ara.tdf                    ;         ;
; db/mux_9nb.tdf                   ; yes             ; Auto-Generated Megafunction  ; C:/altera/13.1/projects/spi_vga/db/mux_9nb.tdf                       ;         ;
+----------------------------------+-----------------+------------------------------+----------------------------------------------------------------------+---------+


+---------------------------------------------------------+
; Analysis & Synthesis Resource Usage Summary             ;
+---------------------------------------------+-----------+
; Resource                                    ; Usage     ;
+---------------------------------------------+-----------+
; Estimated Total logic elements              ; 246       ;
;                                             ;           ;
; Total combinational functions               ; 208       ;
; Logic element usage by number of LUT inputs ;           ;
;     -- 4 input functions                    ; 56        ;
;     -- 3 input functions                    ; 30        ;
;     -- <=2 input functions                  ; 122       ;
;                                             ;           ;
; Logic elements by mode                      ;           ;
;     -- normal mode                          ; 111       ;
;     -- arithmetic mode                      ; 97        ;
;                                             ;           ;
; Total registers                             ; 152       ;
;     -- Dedicated logic registers            ; 152       ;
;     -- I/O registers                        ; 0         ;
;                                             ;           ;
; I/O pins                                    ; 19        ;
; Total memory bits                           ; 196608    ;
; Embedded Multiplier 9-bit elements          ; 0         ;
; Maximum fan-out node                        ; CLK~input ;
; Maximum fan-out                             ; 176       ;
; Total fan-out                               ; 1717      ;
; Average fan-out                             ; 4.07      ;
+---------------------------------------------+-----------+


+-------------------------------------------------------------------------------------------------------------------------------------------------------------------------------------------------------------------------------------------------------------------------------+
; Analysis & Synthesis Resource Utilization by Entity                                                                                                                                                                                                                           ;
+-------------------------------------------+-------------------+--------------+-------------+--------------+---------+-----------+------+--------------+--------------------------------------------------------------------------------------------------------+--------------+
; Compilation Hierarchy Node                ; LC Combinationals ; LC Registers ; Memory Bits ; DSP Elements ; DSP 9x9 ; DSP 18x18 ; Pins ; Virtual Pins ; Full Hierarchy Name                                                                                    ; Library Name ;
+-------------------------------------------+-------------------+--------------+-------------+--------------+---------+-----------+------+--------------+--------------------------------------------------------------------------------------------------------+--------------+
; |MainActivity                             ; 208 (119)         ; 152 (96)     ; 196608      ; 0            ; 0       ; 0         ; 19   ; 0            ; |MainActivity                                                                                          ; work         ;
;    |VGAInterface:VGA|                     ; 87 (32)           ; 54 (14)      ; 0           ; 0            ; 0       ; 0         ; 0    ; 0            ; |MainActivity|VGAInterface:VGA                                                                         ; work         ;
;       |Counter:TimeCounterHorizontal|     ; 19 (19)           ; 11 (11)      ; 0           ; 0            ; 0       ; 0         ; 0    ; 0            ; |MainActivity|VGAInterface:VGA|Counter:TimeCounterHorizontal                                           ; work         ;
;       |Counter:TimeCounterVertical|       ; 13 (13)           ; 10 (10)      ; 0           ; 0            ; 0       ; 0         ; 0    ; 0            ; |MainActivity|VGAInterface:VGA|Counter:TimeCounterVertical                                             ; work         ;
;       |PixCounter:HorzPix|                ; 13 (13)           ; 10 (10)      ; 0           ; 0            ; 0       ; 0         ; 0    ; 0            ; |MainActivity|VGAInterface:VGA|PixCounter:HorzPix                                                      ; work         ;
;       |PixCounter:VertPix|                ; 10 (10)           ; 9 (9)        ; 0           ; 0            ; 0       ; 0         ; 0    ; 0            ; |MainActivity|VGAInterface:VGA|PixCounter:VertPix                                                      ; work         ;
;    |ram:r1|                               ; 2 (0)             ; 2 (0)        ; 196608      ; 0            ; 0       ; 0         ; 0    ; 0            ; |MainActivity|ram:r1                                                                                   ; work         ;
;       |altsyncram:altsyncram_component|   ; 2 (0)             ; 2 (0)        ; 196608      ; 0            ; 0       ; 0         ; 0    ; 0            ; |MainActivity|ram:r1|altsyncram:altsyncram_component                                                   ; work         ;
;          |altsyncram_tdo1:auto_generated| ; 2 (0)             ; 2 (2)        ; 196608      ; 0            ; 0       ; 0         ; 0    ; 0            ; |MainActivity|ram:r1|altsyncram:altsyncram_component|altsyncram_tdo1:auto_generated                    ; work         ;
;             |decode_ara:decode2|          ; 2 (2)             ; 0 (0)        ; 0           ; 0            ; 0       ; 0         ; 0    ; 0            ; |MainActivity|ram:r1|altsyncram:altsyncram_component|altsyncram_tdo1:auto_generated|decode_ara:decode2 ; work         ;
+-------------------------------------------+-------------------+--------------+-------------+--------------+---------+-----------+------+--------------+--------------------------------------------------------------------------------------------------------+--------------+
Note: For table entries with two numbers listed, the numbers in parentheses indicate the number of resources of the given type used by the specific entity alone. The numbers listed outside of parentheses indicate the total resources of the given type used by the specific entity and all of its sub-entities in the hierarchy.


+----------------------------------------------------------------------------------------------------------------------------------------------------------------------------------------+
; Analysis & Synthesis RAM Summary                                                                                                                                                       ;
+----------------------------------------------------------------------------------+------+------------------+--------------+--------------+--------------+--------------+--------+------+
; Name                                                                             ; Type ; Mode             ; Port A Depth ; Port A Width ; Port B Depth ; Port B Width ; Size   ; MIF  ;
+----------------------------------------------------------------------------------+------+------------------+--------------+--------------+--------------+--------------+--------+------+
; ram:r1|altsyncram:altsyncram_component|altsyncram_tdo1:auto_generated|ALTSYNCRAM ; AUTO ; Simple Dual Port ; 16384        ; 16           ; 16384        ; 16           ; 262144 ; None ;
+----------------------------------------------------------------------------------+------+------------------+--------------+--------------+--------------+--------------+--------+------+


+------------------------------------------------------------------------------------------------------------------------------+
; Analysis & Synthesis IP Cores Summary                                                                                        ;
+--------+--------------+---------+--------------+--------------+----------------------+---------------------------------------+
; Vendor ; IP Core Name ; Version ; Release Date ; License Type ; Entity Instance      ; IP Include File                       ;
+--------+--------------+---------+--------------+--------------+----------------------+---------------------------------------+
; Altera ; RAM: 2-PORT  ; 13.1    ; N/A          ; N/A          ; |MainActivity|ram:r1 ; C:/altera/13.1/projects/spi_vga/ram.v ;
+--------+--------------+---------+--------------+--------------+----------------------+---------------------------------------+


+------------------------------------------------------------+
; Registers Removed During Synthesis                         ;
+---------------------------------------+--------------------+
; Register name                         ; Reason for Removal ;
+---------------------------------------+--------------------+
; data_in[12..15]                       ; Lost fanout        ;
; byte_data_received[12..15]            ; Lost fanout        ;
; Total Number of Removed Registers = 8 ;                    ;
+---------------------------------------+--------------------+


+------------------------------------------------------+
; General Register Statistics                          ;
+----------------------------------------------+-------+
; Statistic                                    ; Value ;
+----------------------------------------------+-------+
; Total registers                              ; 152   ;
; Number of registers using Synchronous Clear  ; 19    ;
; Number of registers using Synchronous Load   ; 0     ;
; Number of registers using Asynchronous Clear ; 0     ;
; Number of registers using Asynchronous Load  ; 0     ;
; Number of registers using Clock Enable       ; 123   ;
; Number of registers using Preset             ; 0     ;
+----------------------------------------------+-------+


+------------------------------------------------------------------------+
; Inverted Register Statistics                                           ;
+--------------------------------------------------------------+---------+
; Inverted Register                                            ; Fan out ;
+--------------------------------------------------------------+---------+
; VGAInterface:VGA|Counter:TimeCounterVertical|TIME_COUNT[9]   ; 7       ;
; VGAInterface:VGA|Counter:TimeCounterVertical|TIME_COUNT[3]   ; 7       ;
; VGAInterface:VGA|Counter:TimeCounterHorizontal|TIME_COUNT[3] ; 3       ;
; VGAInterface:VGA|Counter:TimeCounterHorizontal|TIME_COUNT[2] ; 3       ;
; VGAInterface:VGA|Counter:TimeCounterHorizontal|TIME_COUNT[1] ; 3       ;
; VGAInterface:VGA|Counter:TimeCounterHorizontal|TIME_COUNT[0] ; 9       ;
; VGAInterface:VGA|Counter:TimeCounterHorizontal|TIME_COUNT[4] ; 5       ;
; VGAInterface:VGA|Counter:TimeCounterHorizontal|TIME_COUNT[8] ; 5       ;
; VGAInterface:VGA|Counter:TimeCounterHorizontal|TIME_COUNT[9] ; 5       ;
; Total number of inverted registers = 9                       ;         ;
+--------------------------------------------------------------+---------+


+-----------------------------------------------------------------------------------------------------------------------------------------------+
; Multiplexer Restructuring Statistics (Restructuring Performed)                                                                                ;
+--------------------+-----------+---------------+----------------------+------------------------+------------+---------------------------------+
; Multiplexer Inputs ; Bus Width ; Baseline Area ; Area if Restructured ; Saving if Restructured ; Registered ; Example Multiplexer Output      ;
+--------------------+-----------+---------------+----------------------+------------------------+------------+---------------------------------+
; 3:1                ; 12 bits   ; 24 LEs        ; 24 LEs               ; 0 LEs                  ; Yes        ; |MainActivity|COLOUR_IN[1]      ;
; 3:1                ; 4 bits    ; 8 LEs         ; 4 LEs                ; 4 LEs                  ; Yes        ; |MainActivity|bitcnt[1]         ;
; 4:1                ; 7 bits    ; 14 LEs        ; 14 LEs               ; 0 LEs                  ; Yes        ; |MainActivity|byte_data_sent[7] ;
+--------------------+-----------+---------------+----------------------+------------------------+------------+---------------------------------+


+----------------------------------------------------------------------------------------------+
; Source assignments for ram:r1|altsyncram:altsyncram_component|altsyncram_tdo1:auto_generated ;
+---------------------------------+--------------------+------+--------------------------------+
; Assignment                      ; Value              ; From ; To                             ;
+---------------------------------+--------------------+------+--------------------------------+
; OPTIMIZE_POWER_DURING_SYNTHESIS ; NORMAL_COMPILATION ; -    ; -                              ;
+---------------------------------+--------------------+------+--------------------------------+


+------------------------------------------------------------------------------+
; Parameter Settings for User Entity Instance: Top-level Entity: |MainActivity ;
+----------------+----------------+--------------------------------------------+
; Parameter Name ; Value          ; Type                                       ;
+----------------+----------------+--------------------------------------------+
; pic            ; 11100001000000 ; Unsigned Binary                            ;
; picX           ; 1111000        ; Unsigned Binary                            ;
; picY           ; 1111000        ; Unsigned Binary                            ;
+----------------+----------------+--------------------------------------------+
Note: In order to hide this table in the UI and the text report file, please set the "Show Parameter Settings in Synthesis Report" option in "Analysis and Synthesis Settings -> More Settings" to "Off".


+---------------------------------------------------------------+
; Parameter Settings for User Entity Instance: VGAInterface:VGA ;
+--------------------------+------------+-----------------------+
; Parameter Name           ; Value      ; Type                  ;
+--------------------------+------------+-----------------------+
; HorzTimeToPulseWidthEnd  ; 0001100000 ; Unsigned Binary       ;
; HorzTimeToBackPorchEnd   ; 0010010000 ; Unsigned Binary       ;
; HorzTimeToDisplayTimeEnd ; 1100010000 ; Unsigned Binary       ;
; HorzTimeToFrontPorchEnd  ; 1100100000 ; Unsigned Binary       ;
; VertTimeToPulseWidthEnd  ; 0000000010 ; Unsigned Binary       ;
; VertTimeToBackPorchEnd   ; 0000100011 ; Unsigned Binary       ;
; VertTimeToDisplayTimeEnd ; 0111111111 ; Unsigned Binary       ;
; VertTimeToFrontPorchEnd  ; 1000001001 ; Unsigned Binary       ;
+--------------------------+------------+-----------------------+
Note: In order to hide this table in the UI and the text report file, please set the "Show Parameter Settings in Synthesis Report" option in "Analysis and Synthesis Settings -> More Settings" to "Off".


+---------------------------------------------------------------------------------------------+
; Parameter Settings for User Entity Instance: VGAInterface:VGA|Counter:TimeCounterHorizontal ;
+----------------+----------------------------------+-----------------------------------------+
; Parameter Name ; Value                            ; Type                                    ;
+----------------+----------------------------------+-----------------------------------------+
; MaxValue       ; 00000000000000000000001100011111 ; Unsigned Binary                         ;
; Size           ; 10                               ; Signed Integer                          ;
; InitialValue   ; 00000000000000000000001100011111 ; Unsigned Binary                         ;
+----------------+----------------------------------+-----------------------------------------+
Note: In order to hide this table in the UI and the text report file, please set the "Show Parameter Settings in Synthesis Report" option in "Analysis and Synthesis Settings -> More Settings" to "Off".


+-------------------------------------------------------------------------------------------+
; Parameter Settings for User Entity Instance: VGAInterface:VGA|Counter:TimeCounterVertical ;
+----------------+----------------------------------+---------------------------------------+
; Parameter Name ; Value                            ; Type                                  ;
+----------------+----------------------------------+---------------------------------------+
; MaxValue       ; 00000000000000000000001000001000 ; Unsigned Binary                       ;
; Size           ; 10                               ; Signed Integer                        ;
; InitialValue   ; 00000000000000000000001000001000 ; Unsigned Binary                       ;
+----------------+----------------------------------+---------------------------------------+
Note: In order to hide this table in the UI and the text report file, please set the "Show Parameter Settings in Synthesis Report" option in "Analysis and Synthesis Settings -> More Settings" to "Off".


+----------------------------------------------------------------------------------+
; Parameter Settings for User Entity Instance: VGAInterface:VGA|PixCounter:HorzPix ;
+----------------------+----------------------------------+------------------------+
; Parameter Name       ; Value                            ; Type                   ;
+----------------------+----------------------------------+------------------------+
; AddressSize          ; 10                               ; Signed Integer         ;
; TimeToBackPorchEnd   ; 00000000000000000000000010001111 ; Unsigned Binary        ;
; TimeToDisplayTimeEnd ; 00000000000000000000001100001111 ; Unsigned Binary        ;
+----------------------+----------------------------------+------------------------+
Note: In order to hide this table in the UI and the text report file, please set the "Show Parameter Settings in Synthesis Report" option in "Analysis and Synthesis Settings -> More Settings" to "Off".


+----------------------------------------------------------------------------------+
; Parameter Settings for User Entity Instance: VGAInterface:VGA|PixCounter:VertPix ;
+----------------------+----------------------------------+------------------------+
; Parameter Name       ; Value                            ; Type                   ;
+----------------------+----------------------------------+------------------------+
; AddressSize          ; 9                                ; Signed Integer         ;
; TimeToBackPorchEnd   ; 00000000000000000000000000100010 ; Unsigned Binary        ;
; TimeToDisplayTimeEnd ; 00000000000000000000000111111110 ; Unsigned Binary        ;
+----------------------+----------------------------------+------------------------+
Note: In order to hide this table in the UI and the text report file, please set the "Show Parameter Settings in Synthesis Report" option in "Analysis and Synthesis Settings -> More Settings" to "Off".


+-------------------------------------------------------------------------------------+
; Parameter Settings for User Entity Instance: ram:r1|altsyncram:altsyncram_component ;
+------------------------------------+----------------------+-------------------------+
; Parameter Name                     ; Value                ; Type                    ;
+------------------------------------+----------------------+-------------------------+
; BYTE_SIZE_BLOCK                    ; 8                    ; Untyped                 ;
; AUTO_CARRY_CHAINS                  ; ON                   ; AUTO_CARRY              ;
; IGNORE_CARRY_BUFFERS               ; OFF                  ; IGNORE_CARRY            ;
; AUTO_CASCADE_CHAINS                ; ON                   ; AUTO_CASCADE            ;
; IGNORE_CASCADE_BUFFERS             ; OFF                  ; IGNORE_CASCADE          ;
; WIDTH_BYTEENA                      ; 1                    ; Untyped                 ;
; OPERATION_MODE                     ; DUAL_PORT            ; Untyped                 ;
; WIDTH_A                            ; 16                   ; Signed Integer          ;
; WIDTHAD_A                          ; 14                   ; Signed Integer          ;
; NUMWORDS_A                         ; 16384                ; Signed Integer          ;
; OUTDATA_REG_A                      ; UNREGISTERED         ; Untyped                 ;
; ADDRESS_ACLR_A                     ; NONE                 ; Untyped                 ;
; OUTDATA_ACLR_A                     ; NONE                 ; Untyped                 ;
; WRCONTROL_ACLR_A                   ; NONE                 ; Untyped                 ;
; INDATA_ACLR_A                      ; NONE                 ; Untyped                 ;
; BYTEENA_ACLR_A                     ; NONE                 ; Untyped                 ;
; WIDTH_B                            ; 16                   ; Signed Integer          ;
; WIDTHAD_B                          ; 14                   ; Signed Integer          ;
; NUMWORDS_B                         ; 16384                ; Signed Integer          ;
; INDATA_REG_B                       ; CLOCK1               ; Untyped                 ;
; WRCONTROL_WRADDRESS_REG_B          ; CLOCK1               ; Untyped                 ;
; RDCONTROL_REG_B                    ; CLOCK1               ; Untyped                 ;
; ADDRESS_REG_B                      ; CLOCK0               ; Untyped                 ;
; OUTDATA_REG_B                      ; CLOCK1               ; Untyped                 ;
; BYTEENA_REG_B                      ; CLOCK1               ; Untyped                 ;
; INDATA_ACLR_B                      ; NONE                 ; Untyped                 ;
; WRCONTROL_ACLR_B                   ; NONE                 ; Untyped                 ;
; ADDRESS_ACLR_B                     ; NONE                 ; Untyped                 ;
; OUTDATA_ACLR_B                     ; NONE                 ; Untyped                 ;
; RDCONTROL_ACLR_B                   ; NONE                 ; Untyped                 ;
; BYTEENA_ACLR_B                     ; NONE                 ; Untyped                 ;
; WIDTH_BYTEENA_A                    ; 1                    ; Signed Integer          ;
; WIDTH_BYTEENA_B                    ; 1                    ; Untyped                 ;
; RAM_BLOCK_TYPE                     ; AUTO                 ; Untyped                 ;
; BYTE_SIZE                          ; 8                    ; Untyped                 ;
; READ_DURING_WRITE_MODE_MIXED_PORTS ; DONT_CARE            ; Untyped                 ;
; READ_DURING_WRITE_MODE_PORT_A      ; NEW_DATA_NO_NBE_READ ; Untyped                 ;
; READ_DURING_WRITE_MODE_PORT_B      ; NEW_DATA_NO_NBE_READ ; Untyped                 ;
; INIT_FILE                          ; UNUSED               ; Untyped                 ;
; INIT_FILE_LAYOUT                   ; PORT_A               ; Untyped                 ;
; MAXIMUM_DEPTH                      ; 0                    ; Untyped                 ;
; CLOCK_ENABLE_INPUT_A               ; BYPASS               ; Untyped                 ;
; CLOCK_ENABLE_INPUT_B               ; BYPASS               ; Untyped                 ;
; CLOCK_ENABLE_OUTPUT_A              ; NORMAL               ; Untyped                 ;
; CLOCK_ENABLE_OUTPUT_B              ; BYPASS               ; Untyped                 ;
; CLOCK_ENABLE_CORE_A                ; USE_INPUT_CLKEN      ; Untyped                 ;
; CLOCK_ENABLE_CORE_B                ; USE_INPUT_CLKEN      ; Untyped                 ;
; ENABLE_ECC                         ; FALSE                ; Untyped                 ;
; ECC_PIPELINE_STAGE_ENABLED         ; FALSE                ; Untyped                 ;
; WIDTH_ECCSTATUS                    ; 3                    ; Untyped                 ;
; DEVICE_FAMILY                      ; Cyclone III          ; Untyped                 ;
; CBXI_PARAMETER                     ; altsyncram_tdo1      ; Untyped                 ;
+------------------------------------+----------------------+-------------------------+
Note: In order to hide this table in the UI and the text report file, please set the "Show Parameter Settings in Synthesis Report" option in "Analysis and Synthesis Settings -> More Settings" to "Off".


+------------------------------------------------------------------------------------+
; altsyncram Parameter Settings by Entity Instance                                   ;
+-------------------------------------------+----------------------------------------+
; Name                                      ; Value                                  ;
+-------------------------------------------+----------------------------------------+
; Number of entity instances                ; 1                                      ;
; Entity Instance                           ; ram:r1|altsyncram:altsyncram_component ;
;     -- OPERATION_MODE                     ; DUAL_PORT                              ;
;     -- WIDTH_A                            ; 16                                     ;
;     -- NUMWORDS_A                         ; 16384                                  ;
;     -- OUTDATA_REG_A                      ; UNREGISTERED                           ;
;     -- WIDTH_B                            ; 16                                     ;
;     -- NUMWORDS_B                         ; 16384                                  ;
;     -- ADDRESS_REG_B                      ; CLOCK0                                 ;
;     -- OUTDATA_REG_B                      ; CLOCK1                                 ;
;     -- RAM_BLOCK_TYPE                     ; AUTO                                   ;
;     -- READ_DURING_WRITE_MODE_MIXED_PORTS ; DONT_CARE                              ;
+-------------------------------------------+----------------------------------------+


+--------------------------------------------------------------------------------------------------------------------------------------------------------------------------------------------------------------------+
; Port Connectivity Checks: "ram:r1"                                                                                                                                                                                 ;
+-----------+--------+----------+------------------------------------------------------------------------------------------------------------------------------------------------------------------------------------+
; Port      ; Type   ; Severity ; Details                                                                                                                                                                            ;
+-----------+--------+----------+------------------------------------------------------------------------------------------------------------------------------------------------------------------------------------+
; wraddress ; Input  ; Warning  ; Input port expression (15 bits) is wider than the input port (14 bits) it drives.  The 1 most-significant bit(s) in the expression will be dangling if they have no other fanouts. ;
; q[15..12] ; Output ; Info     ; Connected to dangling logic. Logic that only feeds a dangling port will be removed.                                                                                                ;
+-----------+--------+----------+------------------------------------------------------------------------------------------------------------------------------------------------------------------------------------+


+-------------------------------------------------------------------------------------------------------------------+
; Port Connectivity Checks: "VGAInterface:VGA"                                                                      ;
+---------+--------+----------+-------------------------------------------------------------------------------------+
; Port    ; Type   ; Severity ; Details                                                                             ;
+---------+--------+----------+-------------------------------------------------------------------------------------+
; REFRESH ; Output ; Info     ; Connected to dangling logic. Logic that only feeds a dangling port will be removed. ;
+---------+--------+----------+-------------------------------------------------------------------------------------+


+-------------------------------+
; Elapsed Time Per Partition    ;
+----------------+--------------+
; Partition Name ; Elapsed Time ;
+----------------+--------------+
; Top            ; 00:00:01     ;
+----------------+--------------+


+-------------------------------+
; Analysis & Synthesis Messages ;
+-------------------------------+
Info: *******************************************************************
Info: Running Quartus II 64-Bit Analysis & Synthesis
    Info: Version 13.1.0 Build 162 10/23/2013 SJ Web Edition
    Info: Processing started: Mon Aug 27 14:47:52 2018
Info: Command: quartus_map --read_settings_files=on --write_settings_files=off MainActivity -c MainActivity
Warning (20028): Parallel compilation is not licensed and has been disabled
Info (12021): Found 1 design units, including 1 entities, in source file vgainterface.v
    Info (12023): Found entity 1: VGAInterface
Info (12021): Found 1 design units, including 1 entities, in source file pixcounter.v
    Info (12023): Found entity 1: PixCounter
Info (12021): Found 1 design units, including 1 entities, in source file mainactivity.v
    Info (12023): Found entity 1: MainActivity
Info (12021): Found 1 design units, including 1 entities, in source file led_7seg.v
    Info (12023): Found entity 1: LED_7seg
Info (12021): Found 1 design units, including 1 entities, in source file counter.v
    Info (12023): Found entity 1: Counter
Info (12021): Found 1 design units, including 1 entities, in source file ram.v
    Info (12023): Found entity 1: ram
Warning (10236): Verilog HDL Implicit Net warning at MainActivity.v(14): created implicit net for "clk"
Info (12127): Elaborating entity "MainActivity" for the top level hierarchy
Warning (10036): Verilog HDL or VHDL warning at MainActivity.v(80): object "SSEL_endmessage" assigned a value but never read
Info (12128): Elaborating entity "VGAInterface" for hierarchy "VGAInterface:VGA"
Info (12128): Elaborating entity "Counter" for hierarchy "VGAInterface:VGA|Counter:TimeCounterHorizontal"
Warning (10230): Verilog HDL assignment warning at Counter.v(23): truncated value with size 32 to match size of target (10)
Warning (10230): Verilog HDL assignment warning at Counter.v(31): truncated value with size 32 to match size of target (10)
Info (12128): Elaborating entity "Counter" for hierarchy "VGAInterface:VGA|Counter:TimeCounterVertical"
Warning (10230): Verilog HDL assignment warning at Counter.v(23): truncated value with size 32 to match size of target (10)
Warning (10230): Verilog HDL assignment warning at Counter.v(31): truncated value with size 32 to match size of target (10)
Info (12128): Elaborating entity "PixCounter" for hierarchy "VGAInterface:VGA|PixCounter:HorzPix"
Warning (10230): Verilog HDL assignment warning at PixCounter.v(43): truncated value with size 32 to match size of target (10)
Info (12128): Elaborating entity "PixCounter" for hierarchy "VGAInterface:VGA|PixCounter:VertPix"
Warning (10230): Verilog HDL assignment warning at PixCounter.v(43): truncated value with size 32 to match size of target (9)
Info (12128): Elaborating entity "ram" for hierarchy "ram:r1"
Info (12128): Elaborating entity "altsyncram" for hierarchy "ram:r1|altsyncram:altsyncram_component"
Info (12130): Elaborated megafunction instantiation "ram:r1|altsyncram:altsyncram_component"
Info (12133): Instantiated megafunction "ram:r1|altsyncram:altsyncram_component" with the following parameter:
    Info (12134): Parameter "address_aclr_b" = "NONE"
    Info (12134): Parameter "address_reg_b" = "CLOCK0"
    Info (12134): Parameter "clock_enable_input_a" = "BYPASS"
    Info (12134): Parameter "clock_enable_input_b" = "BYPASS"
    Info (12134): Parameter "clock_enable_output_b" = "BYPASS"
    Info (12134): Parameter "intended_device_family" = "Cyclone III"
    Info (12134): Parameter "lpm_type" = "altsyncram"
    Info (12134): Parameter "numwords_a" = "16384"
    Info (12134): Parameter "numwords_b" = "16384"
    Info (12134): Parameter "operation_mode" = "DUAL_PORT"
    Info (12134): Parameter "outdata_aclr_b" = "NONE"
    Info (12134): Parameter "outdata_reg_b" = "CLOCK1"
    Info (12134): Parameter "power_up_uninitialized" = "FALSE"
    Info (12134): Parameter "read_during_write_mode_mixed_ports" = "DONT_CARE"
    Info (12134): Parameter "widthad_a" = "14"
    Info (12134): Parameter "widthad_b" = "14"
    Info (12134): Parameter "width_a" = "16"
    Info (12134): Parameter "width_b" = "16"
    Info (12134): Parameter "width_byteena_a" = "1"
Info (12021): Found 1 design units, including 1 entities, in source file db/altsyncram_tdo1.tdf
    Info (12023): Found entity 1: altsyncram_tdo1
Info (12128): Elaborating entity "altsyncram_tdo1" for hierarchy "ram:r1|altsyncram:altsyncram_component|altsyncram_tdo1:auto_generated"
Info (12021): Found 1 design units, including 1 entities, in source file db/decode_ara.tdf
    Info (12023): Found entity 1: decode_ara
Info (12128): Elaborating entity "decode_ara" for hierarchy "ram:r1|altsyncram:altsyncram_component|altsyncram_tdo1:auto_generated|decode_ara:decode2"
Info (12021): Found 1 design units, including 1 entities, in source file db/mux_9nb.tdf
    Info (12023): Found entity 1: mux_9nb
Info (12128): Elaborating entity "mux_9nb" for hierarchy "ram:r1|altsyncram:altsyncram_component|altsyncram_tdo1:auto_generated|mux_9nb:mux3"
Warning (14284): Synthesized away the following node(s):
    Warning (14285): Synthesized away the following RAM node(s):
        Warning (14320): Synthesized away node "ram:r1|altsyncram:altsyncram_component|altsyncram_tdo1:auto_generated|ram_block1a12"
        Warning (14320): Synthesized away node "ram:r1|altsyncram:altsyncram_component|altsyncram_tdo1:auto_generated|ram_block1a13"
        Warning (14320): Synthesized away node "ram:r1|altsyncram:altsyncram_component|altsyncram_tdo1:auto_generated|ram_block1a14"
        Warning (14320): Synthesized away node "ram:r1|altsyncram:altsyncram_component|altsyncram_tdo1:auto_generated|ram_block1a15"
        Warning (14320): Synthesized away node "ram:r1|altsyncram:altsyncram_component|altsyncram_tdo1:auto_generated|ram_block1a28"
        Warning (14320): Synthesized away node "ram:r1|altsyncram:altsyncram_component|altsyncram_tdo1:auto_generated|ram_block1a29"
        Warning (14320): Synthesized away node "ram:r1|altsyncram:altsyncram_component|altsyncram_tdo1:auto_generated|ram_block1a30"
        Warning (14320): Synthesized away node "ram:r1|altsyncram:altsyncram_component|altsyncram_tdo1:auto_generated|ram_block1a31"
Warning (12241): 1 hierarchies have connectivity warnings - see the Connectivity Checks report folder
Info (286030): Timing-Driven Synthesis is running
Info (17049): 8 registers lost all their fanouts during netlist optimizations.
Info (144001): Generated suppressed messages file C:/altera/13.1/projects/spi_vga/output_files/MainActivity.map.smsg
Info (16010): Generating hard_block partition "hard_block:auto_generated_inst"
    Info (16011): Adding 0 node(s), including 0 DDIO, 0 PLL, 0 transceiver and 0 LCELL
Info (21057): Implemented 300 device resources after synthesis - the final resource count might be different
    Info (21058): Implemented 4 input pins
    Info (21059): Implemented 15 output pins
    Info (21061): Implemented 257 logic cells
    Info (21064): Implemented 24 RAM segments
Info: Quartus II 64-Bit Analysis & Synthesis was successful. 0 errors, 20 warnings
    Info: Peak virtual memory: 563 megabytes
    Info: Processing ended: Mon Aug 27 14:48:01 2018
    Info: Elapsed time: 00:00:09
    Info: Total CPU time (on all processors): 00:00:02


+------------------------------------------+
; Analysis & Synthesis Suppressed Messages ;
+------------------------------------------+
The suppressed messages can be found in C:/altera/13.1/projects/spi_vga/output_files/MainActivity.map.smsg.


